#
# There is insufficient memory for the Java Runtime Environment to continue.
# Native memory allocation (malloc) failed to allocate 850096 bytes. Error detail: Chunk::new
# Possible reasons:
#   The system is out of physical RAM or swap space
#   This process is running with CompressedOops enabled, and the Java Heap may be blocking the growth of the native heap
# Possible solutions:
#   Reduce memory load on the system
#   Increase physical memory or swap space
#   Check if swap backing store is full
#   Decrease Java heap size (-Xmx/-Xms)
#   Decrease number of Java threads
#   Decrease Java thread stack sizes (-Xss)
#   Set larger code cache with -XX:ReservedCodeCacheSize=
#   JVM is running with Zero Based Compressed Oops mode in which the Java heap is
#     placed in the first 32GB address space. The Java Heap base address is the
#     maximum limit for the native heap growth. Please use -XX:HeapBaseMinAddress
#     to set the Java Heap base and to place the Java Heap above 32GB virtual address.
# This output file may be truncated or incomplete.
#
#  Out of Memory Error (arena.cpp:149), pid=38100, tid=33508
#
# JRE version: OpenJDK Runtime Environment Temurin-23.0.1+11 (23.0.1+11) (build 23.0.1+11)
# Java VM: OpenJDK 64-Bit Server VM Temurin-23.0.1+11 (23.0.1+11, mixed mode, sharing, tiered, compressed oops, compressed class ptrs, g1 gc, windows-amd64)
# No core dump will be written. Minidumps are not enabled by default on client versions of Windows
#

---------------  S U M M A R Y ------------

Command Line: --module-path=C:\Users\carpe\JavaFX\openjfx-25.0.1_windows-x64_bin-sdk\javafx-sdk-25.0.1\lib --add-modules=javafx.controls,javafx.fxml --enable-native-access=javafx.graphics --enable-preview -Dfile.encoding=UTF-8 -Dstdout.encoding=UTF-8 -Dstderr.encoding=UTF-8 --enable-preview -XX:+ShowCodeDetailsInExceptionMessages Monopoly.View

Host: 11th Gen Intel(R) Core(TM) i7-1165G7 @ 2.80GHz, 8 cores, 15G,  Windows 10 , 64 bit Build 19041 (10.0.19041.5915)
Time: Sun Apr 19 13:03:33 2026 US Mountain Standard Time elapsed time: 1.403040 seconds (0d 0h 0m 1s)

---------------  T H R E A D  ---------------

Current thread (0x00000197c3169160):  JavaThread "C2 CompilerThread0" daemon [_thread_in_native, id=33508, stack(0x000000628cc00000,0x000000628cd00000) (1024K)]


Current CompileTask:
C2:1403 2152       4       com.sun.javafx.css.StyleMap::getCascadingStyles (384 bytes)

Stack: [0x000000628cc00000,0x000000628cd00000]
Native frames: (J=compiled Java code, j=interpreted, Vv=VM code, C=native code)
V  [jvm.dll+0x6e8c79]  (no source info available)
V  [jvm.dll+0x8d9253]  (no source info available)
V  [jvm.dll+0x8db6de]  (no source info available)
V  [jvm.dll+0x8dbdb3]  (no source info available)
V  [jvm.dll+0x281aa6]  (no source info available)
V  [jvm.dll+0xbbb0f]  (no source info available)
V  [jvm.dll+0xbbd6b]  (no source info available)
V  [jvm.dll+0x3b9ecc]  (no source info available)
V  [jvm.dll+0x3905eb]  (no source info available)
V  [jvm.dll+0x38fa4a]  (no source info available)
V  [jvm.dll+0x24ace1]  (no source info available)
V  [jvm.dll+0x24a03f]  (no source info available)
V  [jvm.dll+0x1c8ea0]  (no source info available)
V  [jvm.dll+0x25a13e]  (no source info available)
V  [jvm.dll+0x25840a]  (no source info available)
V  [jvm.dll+0x3f4706]  (no source info available)
V  [jvm.dll+0x8802ab]  (no source info available)
V  [jvm.dll+0x6e7485]  (no source info available)
C  [ucrtbase.dll+0x21bb2]  (no source info available)
C  [KERNEL32.DLL+0x17374]  (no source info available)
C  [ntdll.dll+0x4cc91]  (no source info available)

Lock stack of current Java thread (top to bottom):


---------------  P R O C E S S  ---------------

Threads class SMR info:
_java_thread_list=0x000001980b1a0ae0, length=18, elements={
0x00000197a67e3090, 0x00000197c3152210, 0x00000197c3153e80, 0x00000197c3156f80,
0x00000197c31579e0, 0x00000197c3160450, 0x00000197c31663c0, 0x00000197c3169160,
0x00000197c316dc30, 0x00000197c3697650, 0x00000197c37aa7b0, 0x0000019809aa5430,
0x000001980a116220, 0x000001980a7b2910, 0x000001980a3c5870, 0x000001980a74c0a0,
0x000001980a686300, 0x0000019809ccc1b0
}

Java Threads: ( => current thread )
  0x00000197a67e3090 JavaThread "main"                              [_thread_blocked, id=32804, stack(0x000000628be00000,0x000000628bf00000) (1024K)]
  0x00000197c3152210 JavaThread "Reference Handler"          daemon [_thread_blocked, id=2968, stack(0x000000628c600000,0x000000628c700000) (1024K)]
  0x00000197c3153e80 JavaThread "Finalizer"                  daemon [_thread_blocked, id=20504, stack(0x000000628c700000,0x000000628c800000) (1024K)]
  0x00000197c3156f80 JavaThread "Signal Dispatcher"          daemon [_thread_blocked, id=19880, stack(0x000000628c800000,0x000000628c900000) (1024K)]
  0x00000197c31579e0 JavaThread "Attach Listener"            daemon [_thread_blocked, id=39500, stack(0x000000628c900000,0x000000628ca00000) (1024K)]
  0x00000197c3160450 JavaThread "Service Thread"             daemon [_thread_blocked, id=39300, stack(0x000000628ca00000,0x000000628cb00000) (1024K)]
  0x00000197c31663c0 JavaThread "Monitor Deflation Thread"   daemon [_thread_blocked, id=9260, stack(0x000000628cb00000,0x000000628cc00000) (1024K)]
=>0x00000197c3169160 JavaThread "C2 CompilerThread0"         daemon [_thread_in_native, id=33508, stack(0x000000628cc00000,0x000000628cd00000) (1024K)]
  0x00000197c316dc30 JavaThread "C1 CompilerThread0"         daemon [_thread_blocked, id=4380, stack(0x000000628cd00000,0x000000628ce00000) (1024K)]
  0x00000197c3697650 JavaThread "Common-Cleaner"             daemon [_thread_blocked, id=38256, stack(0x000000628ce00000,0x000000628cf00000) (1024K)]
  0x00000197c37aa7b0 JavaThread "C2 CompilerThread1"         daemon [_thread_in_native, id=35600, stack(0x000000628cf00000,0x000000628d000000) (1024K)]
  0x0000019809aa5430 JavaThread "Notification Thread"        daemon [_thread_blocked, id=28044, stack(0x000000628d100000,0x000000628d200000) (1024K)]
  0x000001980a116220 JavaThread "QuantumRenderer-0"          daemon [_thread_blocked, id=2316, stack(0x000000628d200000,0x000000628d300000) (1024K)]
  0x000001980a7b2910 JavaThread "InvokeLaterDispatcher"      daemon [_thread_blocked, id=18560, stack(0x000000628d300000,0x000000628d400000) (1024K)]
  0x000001980a3c5870 JavaThread "JavaFX Application Thread"         [_thread_in_native, id=38876, stack(0x000000628d400000,0x000000628d500000) (1024K)]
  0x000001980a74c0a0 JavaThread "JavaFX-Launcher"                   [_thread_blocked, id=39640, stack(0x000000628db00000,0x000000628dc00000) (1024K)]
  0x000001980a686300 JavaThread "Thread-2"                   daemon [_thread_in_native, id=20772, stack(0x000000628d000000,0x000000628d100000) (1024K)]
  0x0000019809ccc1b0 JavaThread "Prism Font Disposer"        daemon [_thread_blocked, id=37896, stack(0x000000628e300000,0x000000628e400000) (1024K)]
Total: 18

Other Threads:
  0x00000197c313b8b0 VMThread "VM Thread"                           [id=32732, stack(0x000000628c500000,0x000000628c600000) (1024K)]
  0x00000197c3125050 WatcherThread "VM Periodic Task Thread"        [id=6964, stack(0x000000628c400000,0x000000628c500000) (1024K)]
  0x00000197a8b28900 WorkerThread "GC Thread#0"                     [id=1776, stack(0x000000628bf00000,0x000000628c000000) (1024K)]
  0x000001980a69de40 WorkerThread "GC Thread#1"                     [id=39624, stack(0x000000628dc00000,0x000000628dd00000) (1024K)]
  0x000001980a69ec10 WorkerThread "GC Thread#2"                     [id=39276, stack(0x000000628dd00000,0x000000628de00000) (1024K)]
  0x000001980a69f3d0 WorkerThread "GC Thread#3"                     [id=33140, stack(0x000000628de00000,0x000000628df00000) (1024K)]
  0x000001980a4952c0 WorkerThread "GC Thread#4"                     [id=14584, stack(0x000000628df00000,0x000000628e000000) (1024K)]
  0x000001980a495670 WorkerThread "GC Thread#5"                     [id=38700, stack(0x000000628e000000,0x000000628e100000) (1024K)]
  0x0000019809c49020 WorkerThread "GC Thread#6"                     [id=28096, stack(0x000000628e100000,0x000000628e200000) (1024K)]
  0x0000019809c48c70 WorkerThread "GC Thread#7"                     [id=13840, stack(0x000000628e200000,0x000000628e300000) (1024K)]
  0x00000197a8b78010 ConcurrentGCThread "G1 Main Marker"            [id=3876, stack(0x000000628c000000,0x000000628c100000) (1024K)]
  0x00000197a8b78a30 WorkerThread "G1 Conc#0"                       [id=28076, stack(0x000000628c100000,0x000000628c200000) (1024K)]
  0x00000197c2ff6cb0 ConcurrentGCThread "G1 Refine#0"               [id=26104, stack(0x000000628c200000,0x000000628c300000) (1024K)]
  0x00000197c2ff7740 ConcurrentGCThread "G1 Service"                [id=27540, stack(0x000000628c300000,0x000000628c400000) (1024K)]
Total: 14

Threads with active compile tasks:
C2 CompilerThread0  1484 2152       4       com.sun.javafx.css.StyleMap::getCascadingStyles (384 bytes)
C2 CompilerThread1  1484 2151       4       com.sun.javafx.css.CompoundSelector::applies (144 bytes)
Total: 2

VM state: not at safepoint (normal execution)

VM Mutex/Monitor currently owned by a thread: None

Heap address: 0x0000000704c00000, size: 4020 MB, Compressed Oops mode: Zero based, Oop shift amount: 3

CDS archive(s) mapped at: [0x00000197c4000000-0x00000197c4d70000-0x00000197c4d70000), size 14090240, SharedBaseAddress: 0x00000197c4000000, ArchiveRelocationMode: 1.
Compressed class space mapped at: 0x00000197c5000000-0x0000019805000000, reserved size: 1073741824
Narrow klass base: 0x00000197c4000000, Narrow klass shift: 0, Narrow klass range: 0x41000000

GC Precious Log:
 CardTable entry size: 512
 Card Set container configuration: InlinePtr #cards 4 size 8 Array Of Cards #cards 16 size 48 Howl #buckets 8 coarsen threshold 3686 Howl Bitmap #cards 512 size 80 coarsen threshold 460 Card regions per heap region 1 cards per card region 4096
 CPUs: 8 total, 8 available
 Memory: 16075M
 Large Page Support: Disabled
 NUMA Support: Disabled
 Compressed Oops: Enabled (Zero based)
 Heap Region Size: 2M
 Heap Min Capacity: 8M
 Heap Initial Capacity: 252M
 Heap Max Capacity: 4020M
 Pre-touch: Disabled
 Parallel Workers: 8
 Concurrent Workers: 2
 Concurrent Refinement Workers: 8
 Periodic GC: Disabled

Heap:
 garbage-first heap   total reserved 4116480K, committed 258048K, used 83583K [0x0000000704c00000, 0x0000000800000000)
  region size 2048K, 18 young (36864K), 2 survivors (4096K)
 Metaspace       used 13224K, committed 13504K, reserved 1114112K
  class space    used 2087K, committed 2240K, reserved 1048576K

Heap Regions: E=young(eden), S=young(survivor), O=old, HS=humongous(starts), HC=humongous(continues), CS=collection set, F=free, TAMS=top-at-mark-start, PB=parsable bottom
|   0|0x0000000704c00000, 0x0000000704e00000, 0x0000000704e00000|100%|HS|  |TAMS 0x0000000704c00000| PB 0x0000000704c00000| Complete |  0
|   1|0x0000000704e00000, 0x0000000705000000, 0x0000000705000000|100%|HC|  |TAMS 0x0000000704e00000| PB 0x0000000704e00000| Complete |  0
|   2|0x0000000705000000, 0x0000000705200000, 0x0000000705200000|100%|HC|  |TAMS 0x0000000705000000| PB 0x0000000705000000| Complete |  0
|   3|0x0000000705200000, 0x0000000705400000, 0x0000000705400000|100%|HC|  |TAMS 0x0000000705200000| PB 0x0000000705200000| Complete |  0
|   4|0x0000000705400000, 0x0000000705600000, 0x0000000705600000|100%|HS|  |TAMS 0x0000000705400000| PB 0x0000000705400000| Complete |  0
|   5|0x0000000705600000, 0x0000000705800000, 0x0000000705800000|100%|HC|  |TAMS 0x0000000705600000| PB 0x0000000705600000| Complete |  0
|   6|0x0000000705800000, 0x0000000705a00000, 0x0000000705a00000|100%|HC|  |TAMS 0x0000000705800000| PB 0x0000000705800000| Complete |  0
|   7|0x0000000705a00000, 0x0000000705c00000, 0x0000000705c00000|100%|HC|  |TAMS 0x0000000705a00000| PB 0x0000000705a00000| Complete |  0
|   8|0x0000000705c00000, 0x0000000705e00000, 0x0000000705e00000|100%|HS|  |TAMS 0x0000000705c00000| PB 0x0000000705c00000| Complete |  0
|   9|0x0000000705e00000, 0x0000000706000000, 0x0000000706000000|100%|HS|  |TAMS 0x0000000705e00000| PB 0x0000000705e00000| Complete |  0
|  10|0x0000000706000000, 0x0000000706200000, 0x0000000706200000|100%| O|  |TAMS 0x0000000706000000| PB 0x0000000706000000| Untracked |  0
|  11|0x0000000706200000, 0x0000000706298158, 0x0000000706400000| 29%| O|  |TAMS 0x0000000706200000| PB 0x0000000706200000| Untracked |  0
|  12|0x0000000706400000, 0x0000000706600000, 0x0000000706600000|100%|HS|  |TAMS 0x0000000706400000| PB 0x0000000706400000| Complete |  0
|  13|0x0000000706600000, 0x0000000706800000, 0x0000000706800000|100%|HC|  |TAMS 0x0000000706600000| PB 0x0000000706600000| Complete |  0
|  14|0x0000000706800000, 0x0000000706a00000, 0x0000000706a00000|100%|HS|  |TAMS 0x0000000706800000| PB 0x0000000706800000| Complete |  0
|  15|0x0000000706a00000, 0x0000000706c00000, 0x0000000706c00000|100%|HC|  |TAMS 0x0000000706a00000| PB 0x0000000706a00000| Complete |  0
|  16|0x0000000706c00000, 0x0000000706e00000, 0x0000000706e00000|100%|HC|  |TAMS 0x0000000706c00000| PB 0x0000000706c00000| Complete |  0
|  17|0x0000000706e00000, 0x0000000707000000, 0x0000000707000000|100%|HS|  |TAMS 0x0000000706e00000| PB 0x0000000706e00000| Complete |  0
|  18|0x0000000707000000, 0x0000000707200000, 0x0000000707200000|100%|HC|  |TAMS 0x0000000707000000| PB 0x0000000707000000| Complete |  0
|  19|0x0000000707200000, 0x0000000707400000, 0x0000000707400000|100%|HC|  |TAMS 0x0000000707200000| PB 0x0000000707200000| Complete |  0
|  20|0x0000000707400000, 0x0000000707600000, 0x0000000707600000|100%|HC|  |TAMS 0x0000000707400000| PB 0x0000000707400000| Complete |  0
|  21|0x0000000707600000, 0x0000000707800000, 0x0000000707800000|100%|HS|  |TAMS 0x0000000707600000| PB 0x0000000707600000| Complete |  0
|  22|0x0000000707800000, 0x0000000707a00000, 0x0000000707a00000|100%|HC|  |TAMS 0x0000000707800000| PB 0x0000000707800000| Complete |  0
|  23|0x0000000707a00000, 0x0000000707c00000, 0x0000000707c00000|100%|HS|  |TAMS 0x0000000707a00000| PB 0x0000000707a00000| Complete |  0
|  24|0x0000000707c00000, 0x0000000707e00000, 0x0000000707e00000|100%|HC|  |TAMS 0x0000000707c00000| PB 0x0000000707c00000| Complete |  0
|  25|0x0000000707e00000, 0x0000000708000000, 0x0000000708000000|100%|HC|  |TAMS 0x0000000707e00000| PB 0x0000000707e00000| Complete |  0
|  26|0x0000000708000000, 0x0000000708000000, 0x0000000708200000|  0%| F|  |TAMS 0x0000000708000000| PB 0x0000000708000000| Untracked |  0
|  27|0x0000000708200000, 0x0000000708200000, 0x0000000708400000|  0%| F|  |TAMS 0x0000000708200000| PB 0x0000000708200000| Untracked |  0
|  28|0x0000000708400000, 0x0000000708400000, 0x0000000708600000|  0%| F|  |TAMS 0x0000000708400000| PB 0x0000000708400000| Untracked |  0
|  29|0x0000000708600000, 0x0000000708600000, 0x0000000708800000|  0%| F|  |TAMS 0x0000000708600000| PB 0x0000000708600000| Untracked |  0
|  30|0x0000000708800000, 0x0000000708800000, 0x0000000708a00000|  0%| F|  |TAMS 0x0000000708800000| PB 0x0000000708800000| Untracked |  0
|  31|0x0000000708a00000, 0x0000000708a00000, 0x0000000708c00000|  0%| F|  |TAMS 0x0000000708a00000| PB 0x0000000708a00000| Untracked |  0
|  32|0x0000000708c00000, 0x0000000708c00000, 0x0000000708e00000|  0%| F|  |TAMS 0x0000000708c00000| PB 0x0000000708c00000| Untracked |  0
|  33|0x0000000708e00000, 0x0000000708e00000, 0x0000000709000000|  0%| F|  |TAMS 0x0000000708e00000| PB 0x0000000708e00000| Untracked |  0
|  34|0x0000000709000000, 0x0000000709000000, 0x0000000709200000|  0%| F|  |TAMS 0x0000000709000000| PB 0x0000000709000000| Untracked |  0
|  35|0x0000000709200000, 0x0000000709200000, 0x0000000709400000|  0%| F|  |TAMS 0x0000000709200000| PB 0x0000000709200000| Untracked |  0
|  36|0x0000000709400000, 0x0000000709400000, 0x0000000709600000|  0%| F|  |TAMS 0x0000000709400000| PB 0x0000000709400000| Untracked |  0
|  37|0x0000000709600000, 0x0000000709600000, 0x0000000709800000|  0%| F|  |TAMS 0x0000000709600000| PB 0x0000000709600000| Untracked |  0
|  38|0x0000000709800000, 0x0000000709800000, 0x0000000709a00000|  0%| F|  |TAMS 0x0000000709800000| PB 0x0000000709800000| Untracked |  0
|  39|0x0000000709a00000, 0x0000000709a00000, 0x0000000709c00000|  0%| F|  |TAMS 0x0000000709a00000| PB 0x0000000709a00000| Untracked |  0
|  40|0x0000000709c00000, 0x0000000709c00000, 0x0000000709e00000|  0%| F|  |TAMS 0x0000000709c00000| PB 0x0000000709c00000| Untracked |  0
|  41|0x0000000709e00000, 0x0000000709e00000, 0x000000070a000000|  0%| F|  |TAMS 0x0000000709e00000| PB 0x0000000709e00000| Untracked |  0
|  42|0x000000070a000000, 0x000000070a000000, 0x000000070a200000|  0%| F|  |TAMS 0x000000070a000000| PB 0x000000070a000000| Untracked |  0
|  43|0x000000070a200000, 0x000000070a200000, 0x000000070a400000|  0%| F|  |TAMS 0x000000070a200000| PB 0x000000070a200000| Untracked |  0
|  44|0x000000070a400000, 0x000000070a400000, 0x000000070a600000|  0%| F|  |TAMS 0x000000070a400000| PB 0x000000070a400000| Untracked |  0
|  45|0x000000070a600000, 0x000000070a600000, 0x000000070a800000|  0%| F|  |TAMS 0x000000070a600000| PB 0x000000070a600000| Untracked |  0
|  46|0x000000070a800000, 0x000000070a800000, 0x000000070aa00000|  0%| F|  |TAMS 0x000000070a800000| PB 0x000000070a800000| Untracked |  0
|  47|0x000000070aa00000, 0x000000070aa00000, 0x000000070ac00000|  0%| F|  |TAMS 0x000000070aa00000| PB 0x000000070aa00000| Untracked |  0
|  48|0x000000070ac00000, 0x000000070ac00000, 0x000000070ae00000|  0%| F|  |TAMS 0x000000070ac00000| PB 0x000000070ac00000| Untracked |  0
|  49|0x000000070ae00000, 0x000000070ae00000, 0x000000070b000000|  0%| F|  |TAMS 0x000000070ae00000| PB 0x000000070ae00000| Untracked |  0
|  50|0x000000070b000000, 0x000000070b000000, 0x000000070b200000|  0%| F|  |TAMS 0x000000070b000000| PB 0x000000070b000000| Untracked |  0
|  51|0x000000070b200000, 0x000000070b200000, 0x000000070b400000|  0%| F|  |TAMS 0x000000070b200000| PB 0x000000070b200000| Untracked |  0
|  52|0x000000070b400000, 0x000000070b400000, 0x000000070b600000|  0%| F|  |TAMS 0x000000070b400000| PB 0x000000070b400000| Untracked |  0
|  53|0x000000070b600000, 0x000000070b600000, 0x000000070b800000|  0%| F|  |TAMS 0x000000070b600000| PB 0x000000070b600000| Untracked |  0
|  54|0x000000070b800000, 0x000000070b800000, 0x000000070ba00000|  0%| F|  |TAMS 0x000000070b800000| PB 0x000000070b800000| Untracked |  0
|  55|0x000000070ba00000, 0x000000070ba00000, 0x000000070bc00000|  0%| F|  |TAMS 0x000000070ba00000| PB 0x000000070ba00000| Untracked |  0
|  56|0x000000070bc00000, 0x000000070bc00000, 0x000000070be00000|  0%| F|  |TAMS 0x000000070bc00000| PB 0x000000070bc00000| Untracked |  0
|  57|0x000000070be00000, 0x000000070be00000, 0x000000070c000000|  0%| F|  |TAMS 0x000000070be00000| PB 0x000000070be00000| Untracked |  0
|  58|0x000000070c000000, 0x000000070c000000, 0x000000070c200000|  0%| F|  |TAMS 0x000000070c000000| PB 0x000000070c000000| Untracked |  0
|  59|0x000000070c200000, 0x000000070c200000, 0x000000070c400000|  0%| F|  |TAMS 0x000000070c200000| PB 0x000000070c200000| Untracked |  0
|  60|0x000000070c400000, 0x000000070c400000, 0x000000070c600000|  0%| F|  |TAMS 0x000000070c400000| PB 0x000000070c400000| Untracked |  0
|  61|0x000000070c600000, 0x000000070c600000, 0x000000070c800000|  0%| F|  |TAMS 0x000000070c600000| PB 0x000000070c600000| Untracked |  0
|  62|0x000000070c800000, 0x000000070c800000, 0x000000070ca00000|  0%| F|  |TAMS 0x000000070c800000| PB 0x000000070c800000| Untracked |  0
|  63|0x000000070ca00000, 0x000000070ca00000, 0x000000070cc00000|  0%| F|  |TAMS 0x000000070ca00000| PB 0x000000070ca00000| Untracked |  0
|  64|0x000000070cc00000, 0x000000070cc00000, 0x000000070ce00000|  0%| F|  |TAMS 0x000000070cc00000| PB 0x000000070cc00000| Untracked |  0
|  65|0x000000070ce00000, 0x000000070ce00000, 0x000000070d000000|  0%| F|  |TAMS 0x000000070ce00000| PB 0x000000070ce00000| Untracked |  0
|  66|0x000000070d000000, 0x000000070d000000, 0x000000070d200000|  0%| F|  |TAMS 0x000000070d000000| PB 0x000000070d000000| Untracked |  0
|  67|0x000000070d200000, 0x000000070d200000, 0x000000070d400000|  0%| F|  |TAMS 0x000000070d200000| PB 0x000000070d200000| Untracked |  0
|  68|0x000000070d400000, 0x000000070d400000, 0x000000070d600000|  0%| F|  |TAMS 0x000000070d400000| PB 0x000000070d400000| Untracked |  0
|  69|0x000000070d600000, 0x000000070d600000, 0x000000070d800000|  0%| F|  |TAMS 0x000000070d600000| PB 0x000000070d600000| Untracked |  0
|  70|0x000000070d800000, 0x000000070d800000, 0x000000070da00000|  0%| F|  |TAMS 0x000000070d800000| PB 0x000000070d800000| Untracked |  0
|  71|0x000000070da00000, 0x000000070da00000, 0x000000070dc00000|  0%| F|  |TAMS 0x000000070da00000| PB 0x000000070da00000| Untracked |  0
|  72|0x000000070dc00000, 0x000000070dc00000, 0x000000070de00000|  0%| F|  |TAMS 0x000000070dc00000| PB 0x000000070dc00000| Untracked |  0
|  73|0x000000070de00000, 0x000000070de00000, 0x000000070e000000|  0%| F|  |TAMS 0x000000070de00000| PB 0x000000070de00000| Untracked |  0
|  74|0x000000070e000000, 0x000000070e000000, 0x000000070e200000|  0%| F|  |TAMS 0x000000070e000000| PB 0x000000070e000000| Untracked |  0
|  75|0x000000070e200000, 0x000000070e200000, 0x000000070e400000|  0%| F|  |TAMS 0x000000070e200000| PB 0x000000070e200000| Untracked |  0
|  76|0x000000070e400000, 0x000000070e400000, 0x000000070e600000|  0%| F|  |TAMS 0x000000070e400000| PB 0x000000070e400000| Untracked |  0
|  77|0x000000070e600000, 0x000000070e600000, 0x000000070e800000|  0%| F|  |TAMS 0x000000070e600000| PB 0x000000070e600000| Untracked |  0
|  78|0x000000070e800000, 0x000000070e800000, 0x000000070ea00000|  0%| F|  |TAMS 0x000000070e800000| PB 0x000000070e800000| Untracked |  0
|  79|0x000000070ea00000, 0x000000070ea00000, 0x000000070ec00000|  0%| F|  |TAMS 0x000000070ea00000| PB 0x000000070ea00000| Untracked |  0
|  80|0x000000070ec00000, 0x000000070ec00000, 0x000000070ee00000|  0%| F|  |TAMS 0x000000070ec00000| PB 0x000000070ec00000| Untracked |  0
|  81|0x000000070ee00000, 0x000000070ee00000, 0x000000070f000000|  0%| F|  |TAMS 0x000000070ee00000| PB 0x000000070ee00000| Untracked |  0
|  82|0x000000070f000000, 0x000000070f000000, 0x000000070f200000|  0%| F|  |TAMS 0x000000070f000000| PB 0x000000070f000000| Untracked |  0
|  83|0x000000070f200000, 0x000000070f200000, 0x000000070f400000|  0%| F|  |TAMS 0x000000070f200000| PB 0x000000070f200000| Untracked |  0
|  84|0x000000070f400000, 0x000000070f400000, 0x000000070f600000|  0%| F|  |TAMS 0x000000070f400000| PB 0x000000070f400000| Untracked |  0
|  85|0x000000070f600000, 0x000000070f600000, 0x000000070f800000|  0%| F|  |TAMS 0x000000070f600000| PB 0x000000070f600000| Untracked |  0
|  86|0x000000070f800000, 0x000000070f800000, 0x000000070fa00000|  0%| F|  |TAMS 0x000000070f800000| PB 0x000000070f800000| Untracked |  0
|  87|0x000000070fa00000, 0x000000070fa00000, 0x000000070fc00000|  0%| F|  |TAMS 0x000000070fa00000| PB 0x000000070fa00000| Untracked |  0
|  88|0x000000070fc00000, 0x000000070fc00000, 0x000000070fe00000|  0%| F|  |TAMS 0x000000070fc00000| PB 0x000000070fc00000| Untracked |  0
|  89|0x000000070fe00000, 0x000000070fe00000, 0x0000000710000000|  0%| F|  |TAMS 0x000000070fe00000| PB 0x000000070fe00000| Untracked |  0
|  90|0x0000000710000000, 0x0000000710000000, 0x0000000710200000|  0%| F|  |TAMS 0x0000000710000000| PB 0x0000000710000000| Untracked |  0
|  91|0x0000000710200000, 0x0000000710200000, 0x0000000710400000|  0%| F|  |TAMS 0x0000000710200000| PB 0x0000000710200000| Untracked |  0
|  92|0x0000000710400000, 0x0000000710400000, 0x0000000710600000|  0%| F|  |TAMS 0x0000000710400000| PB 0x0000000710400000| Untracked |  0
|  93|0x0000000710600000, 0x0000000710600000, 0x0000000710800000|  0%| F|  |TAMS 0x0000000710600000| PB 0x0000000710600000| Untracked |  0
|  94|0x0000000710800000, 0x0000000710800000, 0x0000000710a00000|  0%| F|  |TAMS 0x0000000710800000| PB 0x0000000710800000| Untracked |  0
|  95|0x0000000710a00000, 0x0000000710a00000, 0x0000000710c00000|  0%| F|  |TAMS 0x0000000710a00000| PB 0x0000000710a00000| Untracked |  0
|  96|0x0000000710c00000, 0x0000000710c00000, 0x0000000710e00000|  0%| F|  |TAMS 0x0000000710c00000| PB 0x0000000710c00000| Untracked |  0
|  97|0x0000000710e00000, 0x0000000710e00000, 0x0000000711000000|  0%| F|  |TAMS 0x0000000710e00000| PB 0x0000000710e00000| Untracked |  0
|  98|0x0000000711000000, 0x0000000711000000, 0x0000000711200000|  0%| F|  |TAMS 0x0000000711000000| PB 0x0000000711000000| Untracked |  0
|  99|0x0000000711200000, 0x0000000711200000, 0x0000000711400000|  0%| F|  |TAMS 0x0000000711200000| PB 0x0000000711200000| Untracked |  0
| 100|0x0000000711400000, 0x0000000711400000, 0x0000000711600000|  0%| F|  |TAMS 0x0000000711400000| PB 0x0000000711400000| Untracked |  0
| 101|0x0000000711600000, 0x0000000711600000, 0x0000000711800000|  0%| F|  |TAMS 0x0000000711600000| PB 0x0000000711600000| Untracked |  0
| 102|0x0000000711800000, 0x0000000711800000, 0x0000000711a00000|  0%| F|  |TAMS 0x0000000711800000| PB 0x0000000711800000| Untracked |  0
| 103|0x0000000711a00000, 0x0000000711a00000, 0x0000000711c00000|  0%| F|  |TAMS 0x0000000711a00000| PB 0x0000000711a00000| Untracked |  0
| 104|0x0000000711c00000, 0x0000000711c00000, 0x0000000711e00000|  0%| F|  |TAMS 0x0000000711c00000| PB 0x0000000711c00000| Untracked |  0
| 105|0x0000000711e00000, 0x0000000711e00000, 0x0000000712000000|  0%| F|  |TAMS 0x0000000711e00000| PB 0x0000000711e00000| Untracked |  0
| 106|0x0000000712000000, 0x0000000712000000, 0x0000000712200000|  0%| F|  |TAMS 0x0000000712000000| PB 0x0000000712000000| Untracked |  0
| 107|0x0000000712200000, 0x0000000712200000, 0x0000000712400000|  0%| F|  |TAMS 0x0000000712200000| PB 0x0000000712200000| Untracked |  0
| 108|0x0000000712400000, 0x00000007124542e0, 0x0000000712600000| 16%| E|  |TAMS 0x0000000712400000| PB 0x0000000712400000| Complete |  0
| 109|0x0000000712600000, 0x0000000712800000, 0x0000000712800000|100%| E|CS|TAMS 0x0000000712600000| PB 0x0000000712600000| Complete |  0
| 110|0x0000000712800000, 0x0000000712907e50, 0x0000000712a00000| 51%| S|CS|TAMS 0x0000000712800000| PB 0x0000000712800000| Complete |  0
| 111|0x0000000712a00000, 0x0000000712c00000, 0x0000000712c00000|100%| S|CS|TAMS 0x0000000712a00000| PB 0x0000000712a00000| Complete |  0
| 112|0x0000000712c00000, 0x0000000712e00000, 0x0000000712e00000|100%| E|CS|TAMS 0x0000000712c00000| PB 0x0000000712c00000| Complete |  0
| 113|0x0000000712e00000, 0x0000000713000000, 0x0000000713000000|100%| E|CS|TAMS 0x0000000712e00000| PB 0x0000000712e00000| Complete |  0
| 114|0x0000000713000000, 0x0000000713200000, 0x0000000713200000|100%| E|CS|TAMS 0x0000000713000000| PB 0x0000000713000000| Complete |  0
| 115|0x0000000713200000, 0x0000000713400000, 0x0000000713400000|100%| E|CS|TAMS 0x0000000713200000| PB 0x0000000713200000| Complete |  0
| 116|0x0000000713400000, 0x0000000713600000, 0x0000000713600000|100%| E|CS|TAMS 0x0000000713400000| PB 0x0000000713400000| Complete |  0
| 117|0x0000000713600000, 0x0000000713800000, 0x0000000713800000|100%| E|CS|TAMS 0x0000000713600000| PB 0x0000000713600000| Complete |  0
| 118|0x0000000713800000, 0x0000000713a00000, 0x0000000713a00000|100%| E|CS|TAMS 0x0000000713800000| PB 0x0000000713800000| Complete |  0
| 119|0x0000000713a00000, 0x0000000713c00000, 0x0000000713c00000|100%| E|CS|TAMS 0x0000000713a00000| PB 0x0000000713a00000| Complete |  0
| 120|0x0000000713c00000, 0x0000000713e00000, 0x0000000713e00000|100%| E|  |TAMS 0x0000000713c00000| PB 0x0000000713c00000| Complete |  0
| 121|0x0000000713e00000, 0x0000000714000000, 0x0000000714000000|100%| E|CS|TAMS 0x0000000713e00000| PB 0x0000000713e00000| Complete |  0
| 122|0x0000000714000000, 0x0000000714200000, 0x0000000714200000|100%| E|CS|TAMS 0x0000000714000000| PB 0x0000000714000000| Complete |  0
| 123|0x0000000714200000, 0x0000000714400000, 0x0000000714400000|100%| E|CS|TAMS 0x0000000714200000| PB 0x0000000714200000| Complete |  0
| 124|0x0000000714400000, 0x0000000714600000, 0x0000000714600000|100%| E|CS|TAMS 0x0000000714400000| PB 0x0000000714400000| Complete |  0
| 125|0x0000000714600000, 0x0000000714800000, 0x0000000714800000|100%| E|CS|TAMS 0x0000000714600000| PB 0x0000000714600000| Complete |  0

Card table byte_map: [0x00000197bc480000,0x00000197bcc60000] _byte_map_base: 0x00000197b8c5a000

Marking Bits: (CMBitMap*) 0x00000197a8b28f20
 Bits: [0x00000197bcc60000, 0x00000197c0b30000)

Polling page: 0x00000197a6ac0000

Metaspace:

Usage:
  Non-class:     10.88 MB used.
      Class:      2.04 MB used.
       Both:     12.91 MB used.

Virtual space:
  Non-class space:       64.00 MB reserved,      11.00 MB ( 17%) committed,  1 nodes.
      Class space:        1.00 GB reserved,       2.19 MB ( <1%) committed,  1 nodes.
             Both:        1.06 GB reserved,      13.19 MB (  1%) committed. 

Chunk freelists:
   Non-Class:  3.89 MB
       Class:  13.69 MB
        Both:  17.58 MB

MaxMetaspaceSize: unlimited
CompressedClassSpaceSize: 1.00 GB
Initial GC threshold: 21.00 MB
Current GC threshold: 21.00 MB
CDS: on
 - commit_granule_bytes: 65536.
 - commit_granule_words: 8192.
 - virtual_space_node_default_size: 8388608.
 - enlarge_chunks_in_place: 1.
 - use_allocation_guard: 0.


Internal statistics:

num_allocs_failed_limit: 0.
num_arena_births: 220.
num_arena_deaths: 0.
num_vsnodes_births: 2.
num_vsnodes_deaths: 0.
num_space_committed: 211.
num_space_uncommitted: 0.
num_chunks_returned_to_freelist: 0.
num_chunks_taken_from_freelist: 636.
num_chunk_merges: 0.
num_chunk_splits: 458.
num_chunks_enlarged: 367.
num_inconsistent_stats: 0.

CodeHeap 'non-profiled nmethods': size=120064Kb used=809Kb max_used=809Kb free=119254Kb
 bounds [0x00000197b4430000, 0x00000197b46a0000, 0x00000197bb970000]
CodeHeap 'profiled nmethods': size=120000Kb used=3340Kb max_used=3340Kb free=116659Kb
 bounds [0x00000197ac970000, 0x00000197accc0000, 0x00000197b3ea0000]
CodeHeap 'non-nmethods': size=5696Kb used=1870Kb max_used=1883Kb free=3825Kb
 bounds [0x00000197b3ea0000, 0x00000197b4110000, 0x00000197b4430000]
CodeCache: size=245760Kb, used=6019Kb, max_used=6032Kb, free=239738Kb
 total_blobs=3163, nmethods=2413, adapters=655, full_count=0
Compilation: enabled, stopped_count=0, restarted_count=0

Compilation events (20 events):
Event: 1.398 Thread 0x00000197c316dc30 nmethod 2213 0x00000197acc61708 code [0x00000197acc61820, 0x00000197acc619e0]
Event: 1.398 Thread 0x00000197c316dc30 2214       3       java.lang.invoke.InvokerBytecodeGenerator::emitStaticInvoke (258 bytes)
Event: 1.399 Thread 0x00000197c316dc30 nmethod 2214 0x00000197acc61a08 code [0x00000197acc61ca0, 0x00000197acc62b38]
Event: 1.399 Thread 0x00000197c316dc30 2216       3       javafx.beans.property.BooleanPropertyBase::get (29 bytes)
Event: 1.399 Thread 0x00000197c316dc30 nmethod 2216 0x00000197acc62c08 code [0x00000197acc62d40, 0x00000197acc62f70]
Event: 1.399 Thread 0x00000197c316dc30 2217       3       com.sun.javafx.font.CharToGlyphMapper::charToGlyph (6 bytes)
Event: 1.399 Thread 0x00000197c316dc30 nmethod 2217 0x00000197acc62f88 code [0x00000197acc630a0, 0x00000197acc63268]
Event: 1.399 Thread 0x00000197c316dc30 2218       3       com.sun.javafx.scene.layout.ScaledMath::round (10 bytes)
Event: 1.399 Thread 0x00000197c316dc30 nmethod 2218 0x00000197acc63288 code [0x00000197acc633a0, 0x00000197acc634d0]
Event: 1.399 Thread 0x00000197c316dc30 2219       1       javafx.scene.layout.Region::isSnapToPixel (5 bytes)
Event: 1.399 Thread 0x00000197c316dc30 nmethod 2219 0x00000197b44f0c88 code [0x00000197b44f0da0, 0x00000197b44f0e70]
Event: 1.400 Thread 0x00000197c316dc30 2220       3       com.sun.javafx.font.LogicalFont::getSlotResource (123 bytes)
Event: 1.400 Thread 0x00000197c316dc30 nmethod 2220 0x00000197acc63588 code [0x00000197acc63760, 0x00000197acc64088]
Event: 1.401 Thread 0x00000197c316dc30 2221       3       javafx.scene.layout.GridPane::getNodeRowIndex (18 bytes)
Event: 1.401 Thread 0x00000197c316dc30 nmethod 2221 0x00000197acc64108 code [0x00000197acc642c0, 0x00000197acc64da0]
Event: 1.401 Thread 0x00000197c316dc30 2223       1       com.sun.javafx.font.PrismFont::getFontResource (5 bytes)
Event: 1.401 Thread 0x00000197c316dc30 nmethod 2223 0x00000197b44f0f88 code [0x00000197b44f10a0, 0x00000197b44f1170]
Event: 1.401 Thread 0x00000197c316dc30 2222       3       javafx.scene.layout.GridPane::getRowIndex (10 bytes)
Event: 1.401 Thread 0x00000197c316dc30 nmethod 2222 0x00000197acc64e88 code [0x00000197acc65040, 0x00000197acc65a40]
Event: 1.401 Thread 0x00000197c316dc30 2224       3       java.lang.Math::ceil (5 bytes)

GC Heap History (4 events):
Event: 0.564 GC heap before
{Heap before GC invocations=0 (full 0):
 garbage-first heap   total reserved 4116480K, committed 258048K, used 22528K [0x0000000704c00000, 0x0000000800000000)
  region size 2048K, 12 young (24576K), 0 survivors (0K)
 Metaspace       used 5070K, committed 5248K, reserved 1114112K
  class space    used 647K, committed 704K, reserved 1048576K
}
Event: 0.567 GC heap after
{Heap after GC invocations=1 (full 0):
 garbage-first heap   total reserved 4116480K, committed 258048K, used 2813K [0x0000000704c00000, 0x0000000800000000)
  region size 2048K, 2 young (4096K), 2 survivors (4096K)
 Metaspace       used 5070K, committed 5248K, reserved 1114112K
  class space    used 647K, committed 704K, reserved 1048576K
}
Event: 0.948 GC heap before
{Heap before GC invocations=1 (full 0):
 garbage-first heap   total reserved 4116480K, committed 258048K, used 45821K [0x0000000704c00000, 0x0000000800000000)
  region size 2048K, 14 young (28672K), 2 survivors (4096K)
 Metaspace       used 7893K, committed 8064K, reserved 1114112K
  class space    used 1088K, committed 1152K, reserved 1048576K
}
Event: 0.952 GC heap after
{Heap after GC invocations=2 (full 0):
 garbage-first heap   total reserved 4116480K, committed 258048K, used 13951K [0x0000000704c00000, 0x0000000800000000)
  region size 2048K, 2 young (4096K), 2 survivors (4096K)
 Metaspace       used 7893K, committed 8064K, reserved 1114112K
  class space    used 1088K, committed 1152K, reserved 1048576K
}

Dll operation events (20 events):
Event: 0.377 Loaded shared library C:\Users\carpe\JavaFX\openjfx-25.0.1_windows-x64_bin-sdk\javafx-sdk-25.0.1\bin\api-ms-win-crt-locale-l1-1-0.dll
Event: 0.378 Loaded shared library C:\Users\carpe\JavaFX\openjfx-25.0.1_windows-x64_bin-sdk\javafx-sdk-25.0.1\bin\api-ms-win-crt-math-l1-1-0.dll
Event: 0.380 Loaded shared library C:\Users\carpe\JavaFX\openjfx-25.0.1_windows-x64_bin-sdk\javafx-sdk-25.0.1\bin\api-ms-win-crt-multibyte-l1-1-0.dll
Event: 0.381 Loaded shared library C:\Users\carpe\JavaFX\openjfx-25.0.1_windows-x64_bin-sdk\javafx-sdk-25.0.1\bin\api-ms-win-crt-private-l1-1-0.dll
Event: 0.382 Loaded shared library C:\Users\carpe\JavaFX\openjfx-25.0.1_windows-x64_bin-sdk\javafx-sdk-25.0.1\bin\api-ms-win-crt-process-l1-1-0.dll
Event: 0.383 Loaded shared library C:\Users\carpe\JavaFX\openjfx-25.0.1_windows-x64_bin-sdk\javafx-sdk-25.0.1\bin\api-ms-win-crt-runtime-l1-1-0.dll
Event: 0.384 Loaded shared library C:\Users\carpe\JavaFX\openjfx-25.0.1_windows-x64_bin-sdk\javafx-sdk-25.0.1\bin\api-ms-win-crt-stdio-l1-1-0.dll
Event: 0.385 Loaded shared library C:\Users\carpe\JavaFX\openjfx-25.0.1_windows-x64_bin-sdk\javafx-sdk-25.0.1\bin\api-ms-win-crt-string-l1-1-0.dll
Event: 0.387 Loaded shared library C:\Users\carpe\JavaFX\openjfx-25.0.1_windows-x64_bin-sdk\javafx-sdk-25.0.1\bin\api-ms-win-crt-time-l1-1-0.dll
Event: 0.388 Loaded shared library C:\Users\carpe\JavaFX\openjfx-25.0.1_windows-x64_bin-sdk\javafx-sdk-25.0.1\bin\api-ms-win-crt-utility-l1-1-0.dll
Event: 0.390 Loaded shared library C:\Users\carpe\JavaFX\openjfx-25.0.1_windows-x64_bin-sdk\javafx-sdk-25.0.1\bin\ucrtbase.dll
Event: 0.391 Loaded shared library C:\Users\carpe\JavaFX\openjfx-25.0.1_windows-x64_bin-sdk\javafx-sdk-25.0.1\bin\vcruntime140.dll
Event: 0.393 Loaded shared library C:\Users\carpe\JavaFX\openjfx-25.0.1_windows-x64_bin-sdk\javafx-sdk-25.0.1\bin\vcruntime140_1.dll
Event: 0.394 Loaded shared library C:\Users\carpe\JavaFX\openjfx-25.0.1_windows-x64_bin-sdk\javafx-sdk-25.0.1\bin\msvcp140.dll
Event: 0.396 Loaded shared library C:\Users\carpe\JavaFX\openjfx-25.0.1_windows-x64_bin-sdk\javafx-sdk-25.0.1\bin\msvcp140_1.dll
Event: 0.397 Loaded shared library C:\Users\carpe\JavaFX\openjfx-25.0.1_windows-x64_bin-sdk\javafx-sdk-25.0.1\bin\msvcp140_2.dll
Event: 0.431 Loaded shared library C:\Users\carpe\JavaFX\openjfx-25.0.1_windows-x64_bin-sdk\javafx-sdk-25.0.1\bin\prism_d3d.dll
Event: 0.449 Loaded shared library C:\Users\carpe\JavaFX\openjfx-25.0.1_windows-x64_bin-sdk\javafx-sdk-25.0.1\bin\glass.dll
Event: 0.587 Loaded shared library C:\Users\carpe\.p2\pool\plugins\org.eclipse.justj.openjdk.hotspot.jre.full.win32.x86_64_23.0.1.v20241024-1700\jre\bin\jimage.dll
Event: 0.931 Loaded shared library C:\Users\carpe\JavaFX\openjfx-25.0.1_windows-x64_bin-sdk\javafx-sdk-25.0.1\bin\javafx_font.dll

Deoptimization events (20 events):
Event: 1.278 Thread 0x000001980a3c5870 Uncommon trap: trap_request=0xffffffde fr.pc=0x00000197b44461a0 relative=0x00000000000001a0
Event: 1.278 Thread 0x000001980a3c5870 Uncommon trap: reason=class_check action=maybe_recompile pc=0x00000197b44461a0 method=java.lang.String.equals(Ljava/lang/Object;)Z @ 8 c2
Event: 1.278 Thread 0x000001980a3c5870 DEOPT PACKING pc=0x00000197b44461a0 sp=0x000000628d4fd840
Event: 1.278 Thread 0x000001980a3c5870 DEOPT UNPACKING pc=0x00000197b3ef7982 sp=0x000000628d4fd7d8 mode 2
Event: 1.279 Thread 0x000001980a3c5870 Uncommon trap: trap_request=0xffffffde fr.pc=0x00000197b44461a0 relative=0x00000000000001a0
Event: 1.279 Thread 0x000001980a3c5870 Uncommon trap: reason=class_check action=maybe_recompile pc=0x00000197b44461a0 method=java.lang.String.equals(Ljava/lang/Object;)Z @ 8 c2
Event: 1.279 Thread 0x000001980a3c5870 DEOPT PACKING pc=0x00000197b44461a0 sp=0x000000628d4fd0b0
Event: 1.279 Thread 0x000001980a3c5870 DEOPT UNPACKING pc=0x00000197b3ef7982 sp=0x000000628d4fd048 mode 2
Event: 1.294 Thread 0x000001980a3c5870 Uncommon trap: trap_request=0xfffffff4 fr.pc=0x00000197b44d9ac0 relative=0x00000000000000c0
Event: 1.294 Thread 0x000001980a3c5870 Uncommon trap: reason=null_check action=make_not_entrant pc=0x00000197b44d9ac0 method=javafx.scene.Node.getParent()Ljavafx/scene/Parent; @ 18 c2
Event: 1.294 Thread 0x000001980a3c5870 DEOPT PACKING pc=0x00000197b44d9ac0 sp=0x000000628d4fce50
Event: 1.294 Thread 0x000001980a3c5870 DEOPT UNPACKING pc=0x00000197b3ef7982 sp=0x000000628d4fcdf0 mode 2
Event: 1.296 Thread 0x000001980a3c5870 Uncommon trap: trap_request=0xffffff45 fr.pc=0x00000197b44d55e8 relative=0x0000000000000068
Event: 1.296 Thread 0x000001980a3c5870 Uncommon trap: reason=unstable_if action=reinterpret pc=0x00000197b44d55e8 method=javafx.beans.property.ObjectPropertyBase.get()Ljava/lang/Object; @ 9 c2
Event: 1.296 Thread 0x000001980a3c5870 DEOPT PACKING pc=0x00000197b44d55e8 sp=0x000000628d4fd280
Event: 1.296 Thread 0x000001980a3c5870 DEOPT UNPACKING pc=0x00000197b3ef7982 sp=0x000000628d4fd220 mode 2
Event: 1.390 Thread 0x000001980a3c5870 Uncommon trap: trap_request=0xffffff45 fr.pc=0x00000197b44c0284 relative=0x00000000000001e4
Event: 1.390 Thread 0x000001980a3c5870 Uncommon trap: reason=unstable_if action=reinterpret pc=0x00000197b44c0284 method=java.io.ByteArrayInputStream.read()I @ 8 c2
Event: 1.390 Thread 0x000001980a3c5870 DEOPT PACKING pc=0x00000197b44c0284 sp=0x000000628d4faec0
Event: 1.390 Thread 0x000001980a3c5870 DEOPT UNPACKING pc=0x00000197b3ef7982 sp=0x000000628d4fae68 mode 2

Classes loaded (20 events):
Event: 1.390 Loading class jdk/internal/icu/impl/Trie2 done
Event: 1.390 Loading class jdk/internal/icu/impl/Trie2_16 done
Event: 1.390 Loading class jdk/internal/icu/impl/Trie2$1
Event: 1.390 Loading class jdk/internal/icu/impl/Trie2$ValueMapper
Event: 1.390 Loading class jdk/internal/icu/impl/Trie2$ValueMapper done
Event: 1.390 Loading class jdk/internal/icu/impl/Trie2$1 done
Event: 1.390 Loading class jdk/internal/icu/impl/Trie2$UTrie2Header
Event: 1.390 Loading class jdk/internal/icu/impl/Trie2$UTrie2Header done
Event: 1.392 Loading class jdk/internal/foreign/MemorySessionImpl
Event: 1.392 Loading class java/lang/foreign/MemorySegment$Scope
Event: 1.392 Loading class java/lang/foreign/MemorySegment$Scope done
Event: 1.392 Loading class jdk/internal/foreign/MemorySessionImpl done
Event: 1.393 Loading class jdk/internal/icu/text/UTF16
Event: 1.393 Loading class jdk/internal/icu/text/UTF16 done
Event: 1.393 Loading class jdk/internal/icu/text/BidiLine
Event: 1.393 Loading class jdk/internal/icu/text/BidiLine done
Event: 1.394 Loading class sun/invoke/util/ValueConversions$1
Event: 1.394 Loading class sun/invoke/util/ValueConversions$1 done
Event: 1.394 Loading class java/lang/invoke/BoundMethodHandle$Species_LI
Event: 1.394 Loading class java/lang/invoke/BoundMethodHandle$Species_LI done

Classes unloaded (0 events):
No events

Classes redefined (0 events):
No events

Internal exceptions (20 events):
Event: 0.915 Thread 0x000001980a3c5870 Exception <a 'java/lang/ClassNotFoundException'{0x000000071333d100}: com/sun/glass/ui/win/themes_ses_Latn> (0x000000071333d100) 
thrown [s\src\hotspot\share\prims\jni.cpp, line 539]
Event: 0.915 Thread 0x000001980a3c5870 Exception <a 'java/lang/ClassNotFoundException'{0x000000071333e168}: com/sun/glass/ui/win/themes_ses_Latn_ML> (0x000000071333e168) 
thrown [s\src\hotspot\share\prims\jni.cpp, line 539]
Event: 0.915 Thread 0x000001980a3c5870 Exception <a 'java/lang/ClassNotFoundException'{0x000000071333f7f8}: com/sun/glass/ui/win/themes_doi_Deva> (0x000000071333f7f8) 
thrown [s\src\hotspot\share\prims\jni.cpp, line 539]
Event: 0.915 Thread 0x000001980a3c5870 Exception <a 'java/lang/ClassNotFoundException'{0x0000000713340860}: com/sun/glass/ui/win/themes_doi_Deva_IN> (0x0000000713340860) 
thrown [s\src\hotspot\share\prims\jni.cpp, line 539]
Event: 0.915 Thread 0x000001980a3c5870 Exception <a 'java/lang/ClassNotFoundException'{0x0000000713341b08}: com/sun/glass/ui/win/themes_fr_PM> (0x0000000713341b08) 
thrown [s\src\hotspot\share\prims\jni.cpp, line 539]
Event: 0.915 Thread 0x000001980a3c5870 Exception <a 'java/lang/ClassNotFoundException'{0x0000000713342f88}: com/sun/glass/ui/win/themes_es_UY> (0x0000000713342f88) 
thrown [s\src\hotspot\share\prims\jni.cpp, line 539]
Event: 0.915 Thread 0x000001980a3c5870 Exception <a 'java/lang/ClassNotFoundException'{0x0000000713344358}: com/sun/glass/ui/win/themes_gu_Gujr> (0x0000000713344358) 
thrown [s\src\hotspot\share\prims\jni.cpp, line 539]
Event: 0.915 Thread 0x000001980a3c5870 Exception <a 'java/lang/ClassNotFoundException'{0x00000007133453b8}: com/sun/glass/ui/win/themes_gu_Gujr_IN> (0x00000007133453b8) 
thrown [s\src\hotspot\share\prims\jni.cpp, line 539]
Event: 0.981 Thread 0x000001980a3c5870 Exception <a 'java/lang/NoSuchMethodError'{0x00000007145cb5f8}: 'void java.lang.invoke.DirectMethodHandle$Holder.invokeStaticInit(java.lang.Object, java.lang.Object)'> (0x00000007145cb5f8) 
thrown [s\src\hotspot\share\interpreter\linkResolver.cpp, line 796]
Event: 1.150 Thread 0x000001980a3c5870 Exception <a 'java/lang/NoSuchMethodError'{0x0000000713bcd3c8}: 'void java.lang.invoke.DirectMethodHandle$Holder.invokeSpecialIFC(java.lang.Object, java.lang.Object, java.lang.Object)'> (0x0000000713bcd3c8) 
thrown [s\src\hotspot\share\interpreter\linkResolver.cpp, line 796]
Event: 1.163 Thread 0x000001980a3c5870 Implicit null exception at 0x00000197b449ab56 to 0x00000197b449abfa
Event: 1.165 Thread 0x000001980a3c5870 Implicit null exception at 0x00000197b44c518d to 0x00000197b44c53c8
Event: 1.165 Thread 0x000001980a3c5870 Implicit null exception at 0x00000197b44c308d to 0x00000197b44c32cc
Event: 1.166 Thread 0x000001980a3c5870 Implicit null exception at 0x00000197b445231d to 0x00000197b445239d
Event: 1.294 Thread 0x000001980a3c5870 Implicit null exception at 0x00000197b44d9a4b to 0x00000197b44d9ab4
Event: 1.299 Thread 0x000001980a3c5870 Exception <a 'java/lang/NoSuchMethodError'{0x0000000713113a38}: 'java.lang.Object java.lang.invoke.DirectMethodHandle$Holder.invokeInterface(java.lang.Object, java.lang.Object, java.lang.Object)'> (0x0000000713113a38) 
thrown [s\src\hotspot\share\interpreter\linkResolver.cpp, line 796]
Event: 1.300 Thread 0x000001980a3c5870 Exception <a 'java/lang/IncompatibleClassChangeError'{0x0000000713117108}: Found class java.lang.Object, but interface was expected> (0x0000000713117108) 
thrown [s\src\hotspot\share\interpreter\linkResolver.cpp, line 863]
Event: 1.319 Thread 0x000001980a3c5870 Exception <a 'java/lang/NoSuchMethodError'{0x0000000712e0f798}: 'int java.lang.invoke.DirectMethodHandle$Holder.invokeSpecial(java.lang.Object, java.lang.Object, java.lang.Object)'> (0x0000000712e0f798) 
thrown [s\src\hotspot\share\interpreter\linkResolver.cpp, line 796]
Event: 1.394 Thread 0x000001980a3c5870 Exception <a 'java/lang/NoSuchMethodError'{0x0000000712d4b0d8}: 'int java.lang.invoke.DirectMethodHandle$Holder.invokeSpecial(java.lang.Object, java.lang.Object, int)'> (0x0000000712d4b0d8) 
thrown [s\src\hotspot\share\interpreter\linkResolver.cpp, line 796]
Event: 1.395 Thread 0x000001980a3c5870 Exception <a 'java/lang/NoSuchMethodError'{0x0000000712d60cf8}: 'java.lang.Object java.lang.invoke.DirectMethodHandle$Holder.invokeStatic(java.lang.Object, java.lang.Object, java.lang.Object, java.lang.Object, int)'> (0x0000000712d60cf8) 
thrown [s\src\hotspot\share\interpreter\linkResolver.cpp, line 796]

VM Operations (20 events):
Event: 0.564 Executing VM operation: G1CollectForAllocation (G1 Evacuation Pause)
Event: 0.567 Executing VM operation: G1CollectForAllocation (G1 Evacuation Pause) done
Event: 0.723 Executing VM operation: HandshakeAllThreads (Deoptimize)
Event: 0.723 Executing VM operation: HandshakeAllThreads (Deoptimize) done
Event: 0.927 Executing VM operation: HandshakeAllThreads (Deoptimize)
Event: 0.927 Executing VM operation: HandshakeAllThreads (Deoptimize) done
Event: 0.935 Executing VM operation: HandshakeAllThreads (Deoptimize)
Event: 0.935 Executing VM operation: HandshakeAllThreads (Deoptimize) done
Event: 0.935 Executing VM operation: HandshakeAllThreads (Deoptimize)
Event: 0.935 Executing VM operation: HandshakeAllThreads (Deoptimize) done
Event: 0.935 Executing VM operation: HandshakeAllThreads (Deoptimize)
Event: 0.935 Executing VM operation: HandshakeAllThreads (Deoptimize) done
Event: 0.948 Executing VM operation: G1CollectForAllocation (G1 Evacuation Pause)
Event: 0.952 Executing VM operation: G1CollectForAllocation (G1 Evacuation Pause) done
Event: 1.145 Executing VM operation: HandshakeAllThreads (Deoptimize)
Event: 1.145 Executing VM operation: HandshakeAllThreads (Deoptimize) done
Event: 1.148 Executing VM operation: HandshakeAllThreads (Deoptimize)
Event: 1.148 Executing VM operation: HandshakeAllThreads (Deoptimize) done
Event: 1.276 Executing VM operation: HandshakeAllThreads (Deoptimize)
Event: 1.276 Executing VM operation: HandshakeAllThreads (Deoptimize) done

Memory protections (0 events):
No events

Nmethod flushes (0 events):
No events

Events (20 events):
Event: 0.113 Thread 0x00000197a67e3090 Thread added: 0x00000197a67e3090
Event: 0.122 Thread 0x00000197a67e3090 Thread added: 0x00000197c3152210
Event: 0.122 Thread 0x00000197a67e3090 Thread added: 0x00000197c3153e80
Event: 0.122 Thread 0x00000197a67e3090 Thread added: 0x00000197c3156f80
Event: 0.122 Thread 0x00000197a67e3090 Thread added: 0x00000197c31579e0
Event: 0.122 Thread 0x00000197a67e3090 Thread added: 0x00000197c3160450
Event: 0.122 Thread 0x00000197a67e3090 Thread added: 0x00000197c31663c0
Event: 0.122 Thread 0x00000197a67e3090 Thread added: 0x00000197c3169160
Event: 0.122 Thread 0x00000197a67e3090 Thread added: 0x00000197c316dc30
Event: 0.162 Thread 0x00000197a67e3090 Thread added: 0x00000197c3697650
Event: 0.197 Thread 0x00000197c316dc30 Thread added: 0x00000197c37aa7b0
Event: 0.198 Thread 0x00000197c316dc30 Thread added: 0x00000197c37bef70
Event: 0.264 Thread 0x00000197a67e3090 Thread added: 0x0000019809aa5430
Event: 0.427 Thread 0x00000197a67e3090 Thread added: 0x000001980a116220
Event: 0.450 Thread 0x00000197a67e3090 Thread added: 0x000001980a7b2910
Event: 0.453 Thread 0x00000197a67e3090 Thread added: 0x000001980a3c5870
Event: 0.525 Thread 0x00000197c37bef70 Thread exited: 0x00000197c37bef70
Event: 0.537 Thread 0x00000197a67e3090 Thread added: 0x000001980a74c0a0
Event: 0.542 Thread 0x000001980a686300 Thread added: 0x000001980a686300
Event: 1.292 Thread 0x000001980a3c5870 Thread added: 0x0000019809ccc1b0


Dynamic libraries:
0x00007ff698c10000 - 0x00007ff698c1e000 	C:\Users\carpe\.p2\pool\plugins\org.eclipse.justj.openjdk.hotspot.jre.full.win32.x86_64_23.0.1.v20241024-1700\jre\bin\javaw.exe
0x00007ff8e69b0000 - 0x00007ff8e6ba8000 	C:\Windows\SYSTEM32\ntdll.dll
0x00007ff8e5420000 - 0x00007ff8e54e2000 	C:\Windows\System32\KERNEL32.DLL
0x00007ff8e4140000 - 0x00007ff8e4436000 	C:\Windows\System32\KERNELBASE.dll
0x00007ff8e4040000 - 0x00007ff8e4140000 	C:\Windows\System32\ucrtbase.dll
0x00007ff8dc070000 - 0x00007ff8dc08e000 	C:\Users\carpe\.p2\pool\plugins\org.eclipse.justj.openjdk.hotspot.jre.full.win32.x86_64_23.0.1.v20241024-1700\jre\bin\VCRUNTIME140.dll
0x00007ff8dbec0000 - 0x00007ff8dbed7000 	C:\Users\carpe\.p2\pool\plugins\org.eclipse.justj.openjdk.hotspot.jre.full.win32.x86_64_23.0.1.v20241024-1700\jre\bin\jli.dll
0x00007ff8e49d0000 - 0x00007ff8e4b71000 	C:\Windows\System32\USER32.dll
0x00007ff8e4840000 - 0x00007ff8e4862000 	C:\Windows\System32\win32u.dll
0x00007ff8cf050000 - 0x00007ff8cf2eb000 	C:\Windows\WinSxS\amd64_microsoft.windows.common-controls_6595b64144ccf1df_6.0.19041.6456_none_60b8a6cb71f64256\COMCTL32.dll
0x00007ff8e52d0000 - 0x00007ff8e52fb000 	C:\Windows\System32\GDI32.dll
0x00007ff8e68d0000 - 0x00007ff8e696e000 	C:\Windows\System32\msvcrt.dll
0x00007ff8e4680000 - 0x00007ff8e4799000 	C:\Windows\System32\gdi32full.dll
0x00007ff8e47a0000 - 0x00007ff8e483d000 	C:\Windows\System32\msvcp_win.dll
0x00007ff8e6660000 - 0x00007ff8e668f000 	C:\Windows\System32\IMM32.DLL
0x00007ff8dc060000 - 0x00007ff8dc06c000 	C:\Users\carpe\.p2\pool\plugins\org.eclipse.justj.openjdk.hotspot.jre.full.win32.x86_64_23.0.1.v20241024-1700\jre\bin\vcruntime140_1.dll
0x00007ff8bd8f0000 - 0x00007ff8bd97d000 	C:\Users\carpe\.p2\pool\plugins\org.eclipse.justj.openjdk.hotspot.jre.full.win32.x86_64_23.0.1.v20241024-1700\jre\bin\msvcp140.dll
0x00007ff87a130000 - 0x00007ff87aefd000 	C:\Users\carpe\.p2\pool\plugins\org.eclipse.justj.openjdk.hotspot.jre.full.win32.x86_64_23.0.1.v20241024-1700\jre\bin\server\jvm.dll
0x00007ff8e5570000 - 0x00007ff8e5621000 	C:\Windows\System32\ADVAPI32.dll
0x00007ff8e5770000 - 0x00007ff8e580f000 	C:\Windows\System32\sechost.dll
0x00007ff8e5300000 - 0x00007ff8e5420000 	C:\Windows\System32\RPCRT4.dll
0x00007ff8e4510000 - 0x00007ff8e4537000 	C:\Windows\System32\bcrypt.dll
0x00007ff8e66a0000 - 0x00007ff8e670b000 	C:\Windows\System32\WS2_32.dll
0x00007ff8e3580000 - 0x00007ff8e35cb000 	C:\Windows\SYSTEM32\POWRPROF.dll
0x00007ff8cf3a0000 - 0x00007ff8cf3c7000 	C:\Windows\SYSTEM32\WINMM.dll
0x00007ff8df0c0000 - 0x00007ff8df0ca000 	C:\Windows\SYSTEM32\VERSION.dll
0x00007ff8e3440000 - 0x00007ff8e3452000 	C:\Windows\SYSTEM32\UMPDC.dll
0x00007ff8e2810000 - 0x00007ff8e2822000 	C:\Windows\SYSTEM32\kernel.appcore.dll
0x00007ff8df090000 - 0x00007ff8df09a000 	C:\Users\carpe\.p2\pool\plugins\org.eclipse.justj.openjdk.hotspot.jre.full.win32.x86_64_23.0.1.v20241024-1700\jre\bin\jimage.dll
0x00007ff8e1b90000 - 0x00007ff8e1d91000 	C:\Windows\SYSTEM32\DBGHELP.DLL
0x00007ff8dbdd0000 - 0x00007ff8dbe04000 	C:\Windows\SYSTEM32\dbgcore.DLL
0x00007ff8e4540000 - 0x00007ff8e45c2000 	C:\Windows\System32\bcryptPrimitives.dll
0x00007ff8da990000 - 0x00007ff8da9ae000 	C:\Users\carpe\.p2\pool\plugins\org.eclipse.justj.openjdk.hotspot.jre.full.win32.x86_64_23.0.1.v20241024-1700\jre\bin\java.dll
0x00007ff8e4c30000 - 0x00007ff8e4d5b000 	C:\Windows\System32\ole32.dll
0x00007ff8e4de0000 - 0x00007ff8e5134000 	C:\Windows\System32\combase.dll
0x00007ff8e5810000 - 0x00007ff8e5f80000 	C:\Windows\System32\SHELL32.dll
0x00007ff8e2050000 - 0x00007ff8e27f5000 	C:\Windows\SYSTEM32\windows.storage.dll
0x00007ff8e3a70000 - 0x00007ff8e3a9b000 	C:\Windows\SYSTEM32\Wldp.dll
0x00007ff8e64a0000 - 0x00007ff8e656d000 	C:\Windows\System32\OLEAUT32.dll
0x00007ff8e5f80000 - 0x00007ff8e602d000 	C:\Windows\System32\SHCORE.dll
0x00007ff8e5140000 - 0x00007ff8e519b000 	C:\Windows\System32\shlwapi.dll
0x00007ff8e3f70000 - 0x00007ff8e3f94000 	C:\Windows\SYSTEM32\profapi.dll
0x00007ff8deb00000 - 0x00007ff8deb10000 	C:\Users\carpe\.p2\pool\plugins\org.eclipse.justj.openjdk.hotspot.jre.full.win32.x86_64_23.0.1.v20241024-1700\jre\bin\net.dll
0x00007ff8e37d0000 - 0x00007ff8e383a000 	C:\Windows\system32\mswsock.dll
0x00007ff8da000000 - 0x00007ff8da016000 	C:\Users\carpe\.p2\pool\plugins\org.eclipse.justj.openjdk.hotspot.jre.full.win32.x86_64_23.0.1.v20241024-1700\jre\bin\nio.dll
0x00007ff8da060000 - 0x00007ff8da077000 	C:\Users\carpe\.p2\pool\plugins\org.eclipse.justj.openjdk.hotspot.jre.full.win32.x86_64_23.0.1.v20241024-1700\jre\bin\zip.dll
0x00000197a8a70000 - 0x00000197a8a74000 	C:\Users\carpe\JavaFX\openjfx-25.0.1_windows-x64_bin-sdk\javafx-sdk-25.0.1\bin\api-ms-win-core-console-l1-1-0.dll
0x00000197a8a80000 - 0x00000197a8a84000 	C:\Users\carpe\JavaFX\openjfx-25.0.1_windows-x64_bin-sdk\javafx-sdk-25.0.1\bin\api-ms-win-core-console-l1-2-0.dll
0x00000197c3e80000 - 0x00000197c3e84000 	C:\Users\carpe\JavaFX\openjfx-25.0.1_windows-x64_bin-sdk\javafx-sdk-25.0.1\bin\api-ms-win-core-datetime-l1-1-0.dll
0x00000197c3e90000 - 0x00000197c3e94000 	C:\Users\carpe\JavaFX\openjfx-25.0.1_windows-x64_bin-sdk\javafx-sdk-25.0.1\bin\api-ms-win-core-debug-l1-1-0.dll
0x00000197c3ea0000 - 0x00000197c3ea4000 	C:\Users\carpe\JavaFX\openjfx-25.0.1_windows-x64_bin-sdk\javafx-sdk-25.0.1\bin\api-ms-win-core-errorhandling-l1-1-0.dll
0x00000197c3eb0000 - 0x00000197c3eb5000 	C:\Users\carpe\JavaFX\openjfx-25.0.1_windows-x64_bin-sdk\javafx-sdk-25.0.1\bin\api-ms-win-core-file-l1-1-0.dll
0x00000197c3ec0000 - 0x00000197c3ec4000 	C:\Users\carpe\JavaFX\openjfx-25.0.1_windows-x64_bin-sdk\javafx-sdk-25.0.1\bin\api-ms-win-core-file-l1-2-0.dll
0x00000197c3ed0000 - 0x00000197c3ed4000 	C:\Users\carpe\JavaFX\openjfx-25.0.1_windows-x64_bin-sdk\javafx-sdk-25.0.1\bin\api-ms-win-core-file-l2-1-0.dll
0x00000197c3b00000 - 0x00000197c3b04000 	C:\Users\carpe\JavaFX\openjfx-25.0.1_windows-x64_bin-sdk\javafx-sdk-25.0.1\bin\api-ms-win-core-handle-l1-1-0.dll
0x00000197c3b10000 - 0x00000197c3b14000 	C:\Users\carpe\JavaFX\openjfx-25.0.1_windows-x64_bin-sdk\javafx-sdk-25.0.1\bin\api-ms-win-core-heap-l1-1-0.dll
0x00000197c3b20000 - 0x00000197c3b24000 	C:\Users\carpe\JavaFX\openjfx-25.0.1_windows-x64_bin-sdk\javafx-sdk-25.0.1\bin\api-ms-win-core-interlocked-l1-1-0.dll
0x00000197c3b30000 - 0x00000197c3b34000 	C:\Users\carpe\JavaFX\openjfx-25.0.1_windows-x64_bin-sdk\javafx-sdk-25.0.1\bin\api-ms-win-core-libraryloader-l1-1-0.dll
0x00000197c3b40000 - 0x00000197c3b44000 	C:\Users\carpe\JavaFX\openjfx-25.0.1_windows-x64_bin-sdk\javafx-sdk-25.0.1\bin\api-ms-win-core-localization-l1-2-0.dll
0x00000197c3b50000 - 0x00000197c3b54000 	C:\Users\carpe\JavaFX\openjfx-25.0.1_windows-x64_bin-sdk\javafx-sdk-25.0.1\bin\api-ms-win-core-memory-l1-1-0.dll
0x00000197c3b60000 - 0x00000197c3b64000 	C:\Users\carpe\JavaFX\openjfx-25.0.1_windows-x64_bin-sdk\javafx-sdk-25.0.1\bin\api-ms-win-core-namedpipe-l1-1-0.dll
0x00000197c3b70000 - 0x00000197c3b74000 	C:\Users\carpe\JavaFX\openjfx-25.0.1_windows-x64_bin-sdk\javafx-sdk-25.0.1\bin\api-ms-win-core-processenvironment-l1-1-0.dll
0x00000197c3b80000 - 0x00000197c3b84000 	C:\Users\carpe\JavaFX\openjfx-25.0.1_windows-x64_bin-sdk\javafx-sdk-25.0.1\bin\api-ms-win-core-processthreads-l1-1-0.dll
0x00000197c3b90000 - 0x00000197c3b94000 	C:\Users\carpe\JavaFX\openjfx-25.0.1_windows-x64_bin-sdk\javafx-sdk-25.0.1\bin\api-ms-win-core-processthreads-l1-1-1.dll
0x00000197c3ba0000 - 0x00000197c3ba4000 	C:\Users\carpe\JavaFX\openjfx-25.0.1_windows-x64_bin-sdk\javafx-sdk-25.0.1\bin\api-ms-win-core-profile-l1-1-0.dll
0x00000197c3bb0000 - 0x00000197c3bb4000 	C:\Users\carpe\JavaFX\openjfx-25.0.1_windows-x64_bin-sdk\javafx-sdk-25.0.1\bin\api-ms-win-core-rtlsupport-l1-1-0.dll
0x00000197c3bc0000 - 0x00000197c3bc4000 	C:\Users\carpe\JavaFX\openjfx-25.0.1_windows-x64_bin-sdk\javafx-sdk-25.0.1\bin\api-ms-win-core-string-l1-1-0.dll
0x00000197c3bd0000 - 0x00000197c3bd4000 	C:\Users\carpe\JavaFX\openjfx-25.0.1_windows-x64_bin-sdk\javafx-sdk-25.0.1\bin\api-ms-win-core-synch-l1-1-0.dll
0x00000197c3be0000 - 0x00000197c3be4000 	C:\Users\carpe\JavaFX\openjfx-25.0.1_windows-x64_bin-sdk\javafx-sdk-25.0.1\bin\api-ms-win-core-synch-l1-2-0.dll
0x00000197c3bf0000 - 0x00000197c3bf4000 	C:\Users\carpe\JavaFX\openjfx-25.0.1_windows-x64_bin-sdk\javafx-sdk-25.0.1\bin\api-ms-win-core-sysinfo-l1-1-0.dll
0x00000197c3c00000 - 0x00000197c3c04000 	C:\Users\carpe\JavaFX\openjfx-25.0.1_windows-x64_bin-sdk\javafx-sdk-25.0.1\bin\api-ms-win-core-timezone-l1-1-0.dll
0x00000197c3c10000 - 0x00000197c3c14000 	C:\Users\carpe\JavaFX\openjfx-25.0.1_windows-x64_bin-sdk\javafx-sdk-25.0.1\bin\api-ms-win-core-util-l1-1-0.dll
0x00000197c3c20000 - 0x00000197c3c24000 	C:\Users\carpe\JavaFX\openjfx-25.0.1_windows-x64_bin-sdk\javafx-sdk-25.0.1\bin\api-ms-win-crt-conio-l1-1-0.dll
0x00000197c3c30000 - 0x00000197c3c35000 	C:\Users\carpe\JavaFX\openjfx-25.0.1_windows-x64_bin-sdk\javafx-sdk-25.0.1\bin\api-ms-win-crt-convert-l1-1-0.dll
0x00000197c3c40000 - 0x00000197c3c44000 	C:\Users\carpe\JavaFX\openjfx-25.0.1_windows-x64_bin-sdk\javafx-sdk-25.0.1\bin\api-ms-win-crt-environment-l1-1-0.dll
0x00000197c3c50000 - 0x00000197c3c54000 	C:\Users\carpe\JavaFX\openjfx-25.0.1_windows-x64_bin-sdk\javafx-sdk-25.0.1\bin\api-ms-win-crt-filesystem-l1-1-0.dll
0x00000197c3c60000 - 0x00000197c3c64000 	C:\Users\carpe\JavaFX\openjfx-25.0.1_windows-x64_bin-sdk\javafx-sdk-25.0.1\bin\api-ms-win-crt-heap-l1-1-0.dll
0x00000197c3c70000 - 0x00000197c3c74000 	C:\Users\carpe\JavaFX\openjfx-25.0.1_windows-x64_bin-sdk\javafx-sdk-25.0.1\bin\api-ms-win-crt-locale-l1-1-0.dll
0x00000197c3c80000 - 0x00000197c3c86000 	C:\Users\carpe\JavaFX\openjfx-25.0.1_windows-x64_bin-sdk\javafx-sdk-25.0.1\bin\api-ms-win-crt-math-l1-1-0.dll
0x00000197c3c90000 - 0x00000197c3c96000 	C:\Users\carpe\JavaFX\openjfx-25.0.1_windows-x64_bin-sdk\javafx-sdk-25.0.1\bin\api-ms-win-crt-multibyte-l1-1-0.dll
0x00000197c3ca0000 - 0x00000197c3cb1000 	C:\Users\carpe\JavaFX\openjfx-25.0.1_windows-x64_bin-sdk\javafx-sdk-25.0.1\bin\api-ms-win-crt-private-l1-1-0.dll
0x00000197c3cc0000 - 0x00000197c3cc4000 	C:\Users\carpe\JavaFX\openjfx-25.0.1_windows-x64_bin-sdk\javafx-sdk-25.0.1\bin\api-ms-win-crt-process-l1-1-0.dll
0x00000197c3cd0000 - 0x00000197c3cd5000 	C:\Users\carpe\JavaFX\openjfx-25.0.1_windows-x64_bin-sdk\javafx-sdk-25.0.1\bin\api-ms-win-crt-runtime-l1-1-0.dll
0x00000197c3ce0000 - 0x00000197c3ce5000 	C:\Users\carpe\JavaFX\openjfx-25.0.1_windows-x64_bin-sdk\javafx-sdk-25.0.1\bin\api-ms-win-crt-stdio-l1-1-0.dll
0x00000197c3cf0000 - 0x00000197c3cf5000 	C:\Users\carpe\JavaFX\openjfx-25.0.1_windows-x64_bin-sdk\javafx-sdk-25.0.1\bin\api-ms-win-crt-string-l1-1-0.dll
0x00000197c3e20000 - 0x00000197c3e24000 	C:\Users\carpe\JavaFX\openjfx-25.0.1_windows-x64_bin-sdk\javafx-sdk-25.0.1\bin\api-ms-win-crt-time-l1-1-0.dll
0x00000197c3e30000 - 0x00000197c3e34000 	C:\Users\carpe\JavaFX\openjfx-25.0.1_windows-x64_bin-sdk\javafx-sdk-25.0.1\bin\api-ms-win-crt-utility-l1-1-0.dll
0x00007ff8a80b0000 - 0x00007ff8a81c1000 	C:\Users\carpe\JavaFX\openjfx-25.0.1_windows-x64_bin-sdk\javafx-sdk-25.0.1\bin\ucrtbase.dll
0x00007ff8d9f70000 - 0x00007ff8d9f8e000 	C:\Users\carpe\JavaFX\openjfx-25.0.1_windows-x64_bin-sdk\javafx-sdk-25.0.1\bin\vcruntime140.dll
0x00007ff8da1f0000 - 0x00007ff8da1fc000 	C:\Users\carpe\JavaFX\openjfx-25.0.1_windows-x64_bin-sdk\javafx-sdk-25.0.1\bin\vcruntime140_1.dll
0x00007ff8bccd0000 - 0x00007ff8bcd5d000 	C:\Users\carpe\JavaFX\openjfx-25.0.1_windows-x64_bin-sdk\javafx-sdk-25.0.1\bin\msvcp140.dll
0x00007ff8da120000 - 0x00007ff8da129000 	C:\Users\carpe\JavaFX\openjfx-25.0.1_windows-x64_bin-sdk\javafx-sdk-25.0.1\bin\msvcp140_1.dll
0x00007ff8d96d0000 - 0x00007ff8d9711000 	C:\Users\carpe\JavaFX\openjfx-25.0.1_windows-x64_bin-sdk\javafx-sdk-25.0.1\bin\msvcp140_2.dll
0x00007ff8d9ee0000 - 0x00007ff8d9f10000 	C:\Users\carpe\JavaFX\openjfx-25.0.1_windows-x64_bin-sdk\javafx-sdk-25.0.1\bin\prism_d3d.dll
0x00007ff8ba1a0000 - 0x00007ff8ba371000 	C:\Windows\system32\d3d9.dll
0x00007ff8e1680000 - 0x00007ff8e16ae000 	C:\Windows\SYSTEM32\dwmapi.dll
0x00007ff8e1570000 - 0x00007ff8e160e000 	C:\Windows\system32\uxtheme.dll
0x00007ff8b04c0000 - 0x00007ff8b0624000 	C:\Windows\System32\DriverStore\FileRepository\iigd_dch.inf_amd64_044fd6f0c2ae28a8\igdumdim64.dll
0x00007fffd6220000 - 0x00007fffdab4c000 	C:\Windows\System32\DriverStore\FileRepository\iigd_dch.inf_amd64_044fd6f0c2ae28a8\igd9dxva64.dll
0x00007ff8e6030000 - 0x00007ff8e64a0000 	C:\Windows\System32\SETUPAPI.dll
0x00007ff8e44c0000 - 0x00007ff8e450e000 	C:\Windows\System32\cfgmgr32.dll
0x00007ff8d4810000 - 0x00007ff8d4ad4000 	C:\Windows\System32\DriverStore\FileRepository\iigd_dch.inf_amd64_044fd6f0c2ae28a8\igdgmm64.dll
0x00007ff8d94f0000 - 0x00007ff8d9539000 	C:\Users\carpe\JavaFX\openjfx-25.0.1_windows-x64_bin-sdk\javafx-sdk-25.0.1\bin\glass.dll
0x00007ff8e5630000 - 0x00007ff8e570a000 	C:\Windows\System32\COMDLG32.dll
0x00007ff8e4b80000 - 0x00007ff8e4c29000 	C:\Windows\System32\clbcatq.dll
0x00007ff8c34d0000 - 0x00007ff8c360f000 	C:\Windows\System32\Windows.UI.dll
0x00007ff8c33d0000 - 0x00007ff8c34c9000 	C:\Windows\System32\TextInputFramework.dll
0x00007ff8c3270000 - 0x00007ff8c33c2000 	C:\Windows\System32\InputHost.dll
0x00007ff8dac00000 - 0x00007ff8daca1000 	C:\Windows\System32\WindowManagementAPI.dll
0x00007ff8de7d0000 - 0x00007ff8de8c2000 	C:\Windows\System32\CoreMessaging.dll
0x00007ff8e0a50000 - 0x00007ff8e0b44000 	C:\Windows\System32\PROPSYS.dll
0x00007ff8de470000 - 0x00007ff8de7cb000 	C:\Windows\System32\CoreUIComponents.dll
0x00007ff8e0510000 - 0x00007ff8e0667000 	C:\Windows\SYSTEM32\wintypes.dll
0x00007ff8dc4b0000 - 0x00007ff8dc6b3000 	C:\Windows\SYSTEM32\twinapi.appcore.dll
0x00007ff8e32d0000 - 0x00007ff8e3303000 	C:\Windows\SYSTEM32\ntmarta.dll
0x00007ff8bba50000 - 0x00007ff8bbb09000 	C:\Windows\System32\Windows.Networking.Connectivity.dll
0x00007ff8e51b0000 - 0x00007ff8e52c5000 	C:\Windows\System32\MSCTF.dll
0x00007ff897e70000 - 0x00007ff897e97000 	C:\Windows\System32\DriverStore\FileRepository\iigd_dch.inf_amd64_044fd6f0c2ae28a8\igdinfo64.dll
0x00007ff8d1ac0000 - 0x00007ff8d4654000 	C:\Windows\System32\DriverStore\FileRepository\iigd_dch.inf_amd64_044fd6f0c2ae28a8\igc64.dll
0x00007ff8d5ff0000 - 0x00007ff8d602b000 	C:\Windows\SYSTEM32\dxcore.dll
0x00007ff8c1720000 - 0x00007ff8c1858000 	C:\Windows\System32\Windows.UI.Immersive.dll
0x00007ff8da9f0000 - 0x00007ff8daa00000 	C:\Windows\System32\npmproxy.dll
0x00007ff8dbb50000 - 0x00007ff8dbb92000 	C:\Windows\System32\CapabilityAccessManagerClient.dll
0x00007ff8dc130000 - 0x00007ff8dc1a4000 	C:\Windows\SYSTEM32\wlanapi.dll
0x00007ff8e3460000 - 0x00007ff8e349b000 	C:\Windows\System32\IPHLPAPI.DLL
0x00007ff8e6690000 - 0x00007ff8e6698000 	C:\Windows\System32\NSI.dll
0x00007ff8b4fb0000 - 0x00007ff8b4fc1000 	C:\Windows\System32\dusmapi.dll
0x00007ff8d9f50000 - 0x00007ff8d9f65000 	C:\Users\carpe\JavaFX\openjfx-25.0.1_windows-x64_bin-sdk\javafx-sdk-25.0.1\bin\javafx_font.dll

dbghelp: loaded successfully - version: 4.0.5 - missing functions: none
symbol engine: initialized successfully - sym options: 0x614 - pdb path: .;C:\Users\carpe\.p2\pool\plugins\org.eclipse.justj.openjdk.hotspot.jre.full.win32.x86_64_23.0.1.v20241024-1700\jre\bin;C:\Windows\SYSTEM32;C:\Windows\WinSxS\amd64_microsoft.windows.common-controls_6595b64144ccf1df_6.0.19041.6456_none_60b8a6cb71f64256;C:\Users\carpe\.p2\pool\plugins\org.eclipse.justj.openjdk.hotspot.jre.full.win32.x86_64_23.0.1.v20241024-1700\jre\bin\server;C:\Users\carpe\JavaFX\openjfx-25.0.1_windows-x64_bin-sdk\javafx-sdk-25.0.1\bin;C:\Windows\System32\DriverStore\FileRepository\iigd_dch.inf_amd64_044fd6f0c2ae28a8;C:\Program Files\Common Files\Microsoft Shared\Ink

VM Arguments:
jvm_args: --module-path=C:\Users\carpe\JavaFX\openjfx-25.0.1_windows-x64_bin-sdk\javafx-sdk-25.0.1\lib --add-modules=javafx.controls,javafx.fxml --enable-native-access=javafx.graphics --enable-preview -Dfile.encoding=UTF-8 -Dstdout.encoding=UTF-8 -Dstderr.encoding=UTF-8 --enable-preview -XX:+ShowCodeDetailsInExceptionMessages 
java_command: Monopoly.View
java_class_path (initial): C:\Users\carpe\git\monopoly-monopoly-gang\bin;C:\Users\carpe\JavaFX\openjfx-25.0.1_windows-x64_bin-sdk\javafx-sdk-25.0.1\lib\javafx.base.jar;C:\Users\carpe\JavaFX\openjfx-25.0.1_windows-x64_bin-sdk\javafx-sdk-25.0.1\lib\javafx.controls.jar;C:\Users\carpe\JavaFX\openjfx-25.0.1_windows-x64_bin-sdk\javafx-sdk-25.0.1\lib\javafx.fxml.jar;C:\Users\carpe\JavaFX\openjfx-25.0.1_windows-x64_bin-sdk\javafx-sdk-25.0.1\lib\javafx.graphics.jar;C:\Users\carpe\JavaFX\openjfx-25.0.1_windows-x64_bin-sdk\javafx-sdk-25.0.1\lib\javafx.media.jar;C:\Users\carpe\JavaFX\openjfx-25.0.1_windows-x64_bin-sdk\javafx-sdk-25.0.1\lib\javafx.swing.jar;C:\Users\carpe\JavaFX\openjfx-25.0.1_windows-x64_bin-sdk\javafx-sdk-25.0.1\lib\javafx.web.jar;C:\Users\carpe\JavaFX\openjfx-25.0.1_windows-x64_bin-sdk\javafx-sdk-25.0.1\lib\javafx-swt.jar;C:\Users\carpe\JavaFX\openjfx-25.0.1_windows-x64_bin-sdk\javafx-sdk-25.0.1\lib\jdk.jsobject.jar;C:\Users\carpe\JavaFX\openjfx-25.0.1_windows-x64_bin-sdk\javafx-sdk-25.0.1\lib\jfx.incubator.input.jar;C:\Users\carpe\JavaFX\openjfx-25.0.1_windows-x64_bin-sdk\javafx-sdk-25.0.1\lib\jfx.incubator.richtext.jar
Launcher Type: SUN_STANDARD

[Global flags]
     intx CICompilerCount                          = 4                                         {product} {ergonomic}
     uint ConcGCThreads                            = 2                                         {product} {ergonomic}
     uint G1ConcRefinementThreads                  = 8                                         {product} {ergonomic}
   size_t G1HeapRegionSize                         = 2097152                                   {product} {ergonomic}
   size_t InitialHeapSize                          = 264241152                                 {product} {ergonomic}
   size_t MarkStackSize                            = 4194304                                   {product} {ergonomic}
   size_t MarkStackSizeMax                         = 536870912                                 {product} {ergonomic}
   size_t MaxHeapSize                              = 4215275520                                {product} {ergonomic}
   size_t MaxNewSize                               = 2529165312                                {product} {ergonomic}
   size_t MinHeapDeltaBytes                        = 2097152                                   {product} {ergonomic}
   size_t MinHeapSize                              = 8388608                                   {product} {ergonomic}
    uintx NonNMethodCodeHeapSize                   = 5832704                                {pd product} {ergonomic}
    uintx NonProfiledCodeHeapSize                  = 122945536                              {pd product} {ergonomic}
    uintx ProfiledCodeHeapSize                     = 122880000                              {pd product} {ergonomic}
    uintx ReservedCodeCacheSize                    = 251658240                              {pd product} {ergonomic}
     bool SegmentedCodeCache                       = true                                      {product} {ergonomic}
     bool ShowCodeDetailsInExceptionMessages       = true                                   {manageable} {command line}
   size_t SoftMaxHeapSize                          = 4215275520                             {manageable} {ergonomic}
     bool UseCompressedOops                        = true                           {product lp64_product} {ergonomic}
     bool UseG1GC                                  = true                                      {product} {ergonomic}
     bool UseLargePagesIndividualAllocation        = false                                  {pd product} {ergonomic}

Logging:
Log output configuration:
 #0: stdout all=warning uptime,level,tags foldmultilines=false
 #1: stderr all=off uptime,level,tags foldmultilines=false

Environment Variables:
PATH=C:/Users/carpe/.p2/pool/plugins/org.eclipse.justj.openjdk.hotspot.jre.full.win32.x86_64_23.0.1.v20241024-1700/jre/bin/server;C:/Users/carpe/.p2/pool/plugins/org.eclipse.justj.openjdk.hotspot.jre.full.win32.x86_64_23.0.1.v20241024-1700/jre/bin;C:\Program Files\Common Files\Oracle\Java\javapath;C:\Program Files (x86)\Common Files\Oracle\Java\java8path;C:\Program Files (x86)\Common Files\Oracle\Java\javapath;C:\Windows\system32;C:\Windows;C:\Windows\System32\Wbem;C:\Windows\System32\WindowsPowerShell\v1.0\;C:\Windows\System32\OpenSSH\;C:\Program Files\PuTTY\;C:\Program Files\Git\cmd;C:\Program Files\Amazon\AWSCLIV2\;C:\MinGW\bin;C:\MinGW\bin;C:\Program Files\Docker\Docker\resources\bin;C:\Users\carpe\AppData\Local\Microsoft\WindowsApps;C:\Users\carpe\AppData\Local\GitHubDesktop\bin;C:\Users\carpe\OneDrive\Desktop;
USERNAME=carpe
OS=Windows_NT
PROCESSOR_IDENTIFIER=Intel64 Family 6 Model 140 Stepping 1, GenuineIntel
TMP=C:\Users\carpe\AppData\Local\Temp
TEMP=C:\Users\carpe\AppData\Local\Temp




Periodic native trim disabled

---------------  S Y S T E M  ---------------

OS:
 Windows 10 , 64 bit Build 19041 (10.0.19041.5915)
OS uptime: 146 days 19:18 hours
Hyper-V role detected

CPU: total 8 (initial active 8) (4 cores per cpu, 2 threads per core) family 6 model 140 stepping 1 microcode 0x86, cx8, cmov, fxsr, ht, mmx, 3dnowpref, sse, sse2, sse3, ssse3, sse4.1, sse4.2, popcnt, lzcnt, tsc, tscinvbit, avx, avx2, aes, erms, clmul, bmi1, bmi2, adx, avx512f, avx512dq, avx512cd, avx512bw, avx512vl, sha, fma, vzeroupper, avx512_vpopcntdq, avx512_vpclmulqdq, avx512_vaes, avx512_vnni, clflush, clflushopt, clwb, avx512_vbmi2, avx512_vbmi, hv, rdtscp, rdpid, fsrm, gfni, avx512_bitalg, f16c, cet_ibt, cet_ss, avx512_ifma
Processor Information for the first 8 processors :
  Max Mhz: 2803, Current Mhz: 2803, Mhz Limit: 2803

Memory: 4k page, system-wide physical 16075M (565M free)
TotalPageFile size 65227M (AvailPageFile size 0M)
current process WorkingSet (physical memory assigned to process): 215M, peak: 215M
current process commit charge ("private bytes"): 432M, peak: 439M

vm_info: OpenJDK 64-Bit Server VM (23.0.1+11) for windows-amd64 JRE (23.0.1+11), built on 2024-10-15T00:00:00Z with MS VC++ 17.7 (VS2022)

END.
